<html>
<body>
<pre>
<h1>µVision Build Log</h1>
<h2>Tool Versions:</h2>
IDE-Version: µVision V5.27.1.0
Copyright (C) 2019 ARM Ltd and ARM Germany GmbH. All rights reserved.
License Information: vinh Admin, hehe, LIC=----
 
Tool Versions:
Toolchain:       MDK-Lite  Version: 5.31.0.0
Toolchain Path:  C:\Keil_v5\ARM\ARMCC\Bin
C Compiler:      Armcc.exe V5.06 update 6 (build 750)
Assembler:       Armasm.exe V5.06 update 6 (build 750)
Linker/Locator:  ArmLink.exe V5.06 update 6 (build 750)
Library Manager: ArmAr.exe V5.06 update 6 (build 750)
Hex Converter:   FromElf.exe V5.06 update 6 (build 750)
CPU DLL:         SARMCM3.DLL V5.31.0.0
Dialog DLL:      DARMP1.DLL V1.27.0.0
Target DLL:      UL2CM3.DLL V1.163.4.0
Dialog DLL:      TARMP1.DLL V1.26.0.0
 
<h2>Project:</h2>
C:\Users\Admin\Pictures\Embedded Lab\Lab\Lab3\ex8\ex8.uvprojx
Project File Date:  05/16/2024

<h2>Output:</h2>
*** Using Compiler 'V5.06 update 6 (build 750)', folder: 'C:\Keil_v5\ARM\ARMCC\Bin'
Rebuild target 'Target 1'
compiling GLCD_Fonts.c...
assembling startup_LPC17xx.s...
compiling PIN_LPC17xx.c...
compiling GPIO_LPC17xx.c...
compiling ex8.c...
ex8.c(43): warning:  #61-D: integer operation result is out of range
  	IO1_DIR = (LED6_BIT | LED7_BIT | LED8_BIT);
ex8.c(66): warning:  #61-D: integer operation result is out of range
  			IO1_SET = LED6_BIT;
ex8.c(66): warning:  #68-D: integer conversion resulted in a change of sign
  			IO1_SET = LED6_BIT;
ex8.c(99): warning:  #61-D: integer operation result is out of range
  			IO1_CLR = LED6_BIT;
ex8.c(99): warning:  #68-D: integer conversion resulted in a change of sign
  			IO1_CLR = LED6_BIT;
ex8.c(156): warning:  #1-D: last line of file ends without a newline
  }
ex8.c: 6 warnings, 0 errors
compiling GPDMA_LPC17xx.c...
compiling GLCD_MCB1700.c...
compiling SSP_LPC17xx.c...
compiling system_LPC17xx.c...
linking...
Program Size: Code=6544 RO-data=368 RW-data=20 ZI-data=812  
".\Objects\ex8.axf" - 0 Error(s), 6 Warning(s).

<h2>Software Packages used:</h2>

Package Vendor: ARM
                http://www.keil.com/pack/ARM.CMSIS.5.9.0.pack
                ARM.CMSIS.5.9.0
                CMSIS (Common Microcontroller Software Interface Standard)
   * Component: SPI Version: 2.3.0
   * Component: CORE Version: 5.6.0

Package Vendor: Keil
                https://www.keil.com/pack/Keil.LPC1700_DFP.2.7.2.pack
                Keil.LPC1700_DFP.2.7.2
                NXP LPC1700 Series Device Support, Drivers and Examples for MCB1700 and LPC1788-32
   * Component: Graphic LCD Version: 1.0.0
   * Component: SSP Version: 2.10.0
   * Component: GPDMA Version: 1.4.0
   * Component: GPIO Version: 1.1.0
   * Component: PIN Version: 1.0.0
   * Component: Startup Version: 1.0.0

Package Vendor: Keil
                https://www.keil.com/pack/Keil.MDK-Middleware.7.16.0.pack
                Keil.MDK-Middleware.7.16.0
                Middleware for Keil MDK-Professional and MDK-Plus
   * Component: Graphic LCD Version: 1.0.0

<h2>Collection of Component include folders:</h2>
  .\RTE\Device\LPC1768
  .\RTE\_Target_1
  C:\Users\Admin\AppData\Local\Arm\Packs\ARM\CMSIS\5.9.0\CMSIS\Core\Include
  C:\Users\Admin\AppData\Local\Arm\Packs\ARM\CMSIS\5.9.0\CMSIS\Driver\Include
  C:\Users\Admin\AppData\Local\Arm\Packs\Keil\LPC1700_DFP\2.7.2\Boards\Keil\MCB1700\Common
  C:\Users\Admin\AppData\Local\Arm\Packs\Keil\LPC1700_DFP\2.7.2\Device\Include
  C:\Users\Admin\AppData\Local\Arm\Packs\Keil\LPC1700_DFP\2.7.2\RTE_Driver
  C:\Users\Admin\AppData\Local\Arm\Packs\Keil\MDK-Middleware\7.16.0\Board

<h2>Collection of Component Files used:</h2>

   * Component: ::Board Support:Graphic LCD:1.0.0 (API)
      Include file:  Board\Board_GLCD.h

   * Component: ::CMSIS Driver:SPI:2.3.0 (API)
      Include file:  CMSIS\Driver\Include\Driver_SPI.h

   * Component: ARM::CMSIS:CORE:5.6.0

   * Component: Keil.MCB1700::Board Support:Graphic LCD:1.0.0
      Include file:  Boards\Keil\MCB1700\Common\GLCD_Config.h
      Source file:   Boards\Keil\MCB1700\Common\GLCD_Fonts.c
      Include file:  Boards\Keil\MCB1700\Common\GLCD_Fonts.h
      Source file:   Boards\Keil\MCB1700\Common\GLCD_MCB1700.c

   * Component: Keil::CMSIS Driver:SPI:SSP:2.10.0
      Source file:   RTE_Driver\SSP_LPC17xx.c

   * Component: Keil::Device:GPDMA:1.4.0
      Source file:   RTE_Driver\GPDMA_LPC17xx.c
      Include file:  RTE_Driver\GPDMA_LPC17xx.h

   * Component: Keil::Device:GPIO:1.1.0
      Source file:   RTE_Driver\GPIO_LPC17xx.c
      Include file:  RTE_Driver\GPIO_LPC17xx.h

   * Component: Keil::Device:PIN:1.0.0
      Include file:  RTE_Driver\PIN_LPC17xx.h
      Source file:   RTE_Driver\PIN_LPC17xx.c

   * Component: Keil::Device:Startup:1.0.0
      Include file:  Device\Include\LPC17xx.h
      Source file:   Device\Source\ARM\startup_LPC17xx.s
      Source file:   Device\Source\system_LPC17xx.c
      Include file:  RTE_Driver\Config\RTE_Device.h
Build Time Elapsed:  00:00:01
</pre>
</body>
</html>
